
========== 1000-sort_deck.c ==========

========== 1000-sort_deck.c ==========
